// Jest Snapshot v1, https://goo.gl/fbAQLP

exports[`Project renders the component correctly 1`] = `
<Card
  className="project"
  style={
    Object {
      "backgroundColor": "red",
    }
  }
>
  <SectionHeading
    className="projectName"
  >
    foo
  </SectionHeading>
  <p
    className="projectBody"
  >
    bar
  </p>
  <LinkButton
    className="button"
    link="/projects/undefined"
  >
    More Info
  </LinkButton>
  <Tags
    tags={undefined}
  />
</Card>
`;
