// Jest Snapshot v1, https://goo.gl/fbAQLP

exports[`Project renders the component correctly 1`] = `
<div
  className="projectOuter"
>
  <UnstyledLink
    download={false}
    external={false}
    link="/projects/undefined"
  >
    <section
      className="project"
      style={
        Object {
          "backgroundColor": "red",
        }
      }
    >
      <div
        className="projectInner"
      >
        <SectionHeading
          className="projectName"
        >
          foo
        </SectionHeading>
        <p
          className="projectBody"
        >
          bar
        </p>
      </div>
    </section>
  </UnstyledLink>
</div>
`;
