// Jest Snapshot v1, https://goo.gl/fbAQLP

exports[`Project renders the component correctly 1`] = `
<Page
  className="page"
  style={
    Object {
      "backgroundColor": "red",
    }
  }
>
  <div
    className="closeButtonContainer"
  >
    <TransparentButton>
      <LinkButton
        external={false}
        link="/projects"
      >
        <span
          className="closeButton"
        >
          ×
        </span>
      </LinkButton>
    </TransparentButton>
  </div>
  <PageHeading
    className="title"
  >
    foo
  </PageHeading>
  <section
    className="description"
  >
    <SectionHeading>
      Description
    </SectionHeading>
    <p
      className="body"
    >
      bar
    </p>
  </section>
  <section
    className="links"
  >
    <SectionHeading>
      Links
    </SectionHeading>
    <ButtonContainer
      className="linkButtonContainer"
    >
      <LinkButton
        external={true}
        link={undefined}
      >
        GitHub
      </LinkButton>
    </ButtonContainer>
  </section>
</Page>
`;
