// Jest Snapshot v1, https://goo.gl/fbAQLP

exports[`Project renders the component correctly 1`] = `
<Modal
  backgroundColor="var(--green)"
  heading="NSTS METRONOME"
  onClose={[Function]}
>
  <section
    className="description"
  >
    <SectionHeading>
      Description
    </SectionHeading>
    <p
      className="body"
    >
      A sleek web metronome capable of playing in non-standard time signatures. Built using Vue JS
    </p>
  </section>
  <section
    className="links"
  >
    <SectionHeading>
      Links
    </SectionHeading>
    <ButtonContainer
      className="linkButtonContainer"
    >
      <LinkButton
        external={true}
        link="https://github.com/Ghrehh/nsts-metronome"
      >
        GitHub
      </LinkButton>
      <LinkButton
        external={true}
        link="https://nsts-metronome.github.io/"
      >
        Website
      </LinkButton>
    </ButtonContainer>
    <Tags
      className="tags"
      tags={
        Array [
          "Vue",
          "Music",
          "CSS Animation",
        ]
      }
    />
  </section>
</Modal>
`;
