// Jest Snapshot v1, https://goo.gl/fbAQLP

exports[`Footer renders the component correctly 1`] = `
<Unknown>
  <div
    className="slantedBackground"
  />
  <footer
    className="footer"
  >
    <div
      className="footerInner"
    >
      <div
        className="textContainer"
      >
        <SectionHeading
          className="heading"
        >
          CONTACT
        </SectionHeading>
        <h2
          className="subHeading"
        >
          Feel free to get in touch.
        </h2>
      </div>
      <div>
        <LinkButton
          className="twitterButton"
          external={true}
          link="https://twitter.com/ghrehh"
        >
          Twitter
        </LinkButton>
        <LinkButton
          className="emailButton"
          external={true}
          link="mailto:ghrehh@gmail.com"
        >
          Email
        </LinkButton>
        <LinkButton
          className="linkedInButton"
          external={true}
          link="https://www.linkedin.com/in/gerard-burns-0b4864104/"
        >
          LinkedIn
        </LinkButton>
      </div>
    </div>
  </footer>
</Unknown>
`;
