// Jest Snapshot v1, https://goo.gl/fbAQLP

exports[`Portfolio renders the component correctly 1`] = `
<section
  className="display"
>
  <div
    className="displayInner"
  >
    <h1
      className="header"
    >
      PORTFOLIO
    </h1>
    <p
      className="body"
    >
      I open-source most of my personal projects on GitHub. Why not check them out?
    </p>
    <Button
      className="portfolioButton"
    >
      View Portfolio
    </Button>
    <Button
      className="gitHubButton"
    >
      GitHub
    </Button>
  </div>
</section>
`;
