// Jest Snapshot v1, https://goo.gl/fbAQLP

exports[`Portfolio renders the component correctly 1`] = `
<section
  className="display"
>
  <div
    className="displayInner"
  >
    <SectionHeading
      className="heading"
    >
      PORTFOLIO
    </SectionHeading>
    <p
      className="body"
    >
      I open-source most of my personal projects on GitHub. Why not check them out?
    </p>
    <ButtonContainer>
      <LinkButton
        link="/projects"
      >
        View Portfolio
      </LinkButton>
      <LinkButton
        className="gitHubButton"
        external={true}
        link="https://github.com/ghrehh"
      >
        GitHub
      </LinkButton>
    </ButtonContainer>
  </div>
</section>
`;
