// Jest Snapshot v1, https://goo.gl/fbAQLP

exports[`Resume renders the component correctly 1`] = `
<Card>
  <SectionHeading>
    CV/RESUME
  </SectionHeading>
  <p
    className="body"
  >
    Please view my CV for a detailed description of my past and current work.
  </p>
  <ButtonContainer
    className="buttonContainer"
  >
    <LinkButton
      className="viewButton"
      external={true}
      link=""
    >
      View CV
    </LinkButton>
    <LinkButton
      className="downloadButton"
      external={true}
      link=""
    >
      Download CV
    </LinkButton>
  </ButtonContainer>
</Card>
`;
