// Jest Snapshot v1, https://goo.gl/fbAQLP

exports[`Resume renders the component correctly 1`] = `
<Card>
  <SectionHeading>
    CV/RESUME
  </SectionHeading>
  <p
    className="body"
  >
    Please view my CV for a detailed description of my past and current work.
  </p>
  <LinkButton
    className="button"
    external={true}
    link="/gerard-burns-cv.pdf"
  >
    View CV
  </LinkButton>
</Card>
`;
