// Jest Snapshot v1, https://goo.gl/fbAQLP

exports[`Projects renders the component correctly 1`] = `
<FadeIn
  timeout={0}
>
  <Page>
    <header
      className="header"
    >
      <PageHeading
        className="title"
      >
        PROJECTS
      </PageHeading>
      <p
        className="headerBody"
      >
        See below for a selection of my open-source projects. Click on a project for more information.
      </p>
    </header>
    <div
      className="buttonContainer"
    >
      <LinkButton
        link="/"
      >
        Back
      </LinkButton>
    </div>
    <Project
      path="nsts-metronome"
      project={
        Object {
          "backgroundColor": "var(--green)",
          "description": "A sleek web metronome capable of playing in non-standard time signatures. Built using Vue JS",
          "gitHubLink": "https://github.com/Ghrehh/nsts-metronome",
          "name": "NSTS METRONOME",
          "slug": "nsts-metronome",
          "tags": Array [
            "Vue",
            "Music",
            "CSS Animation",
          ],
          "websiteLink": "https://nsts-metronome.github.io/",
        }
      }
    />
    <Project
      path="ear-training"
      project={
        Object {
          "backgroundColor": "var(--red)",
          "description": "A web app for musicians to train their aural perception skills.",
          "gitHubLink": "https://github.com/Ghrehh/ear-training",
          "name": "EAR TRAINING",
          "slug": "ear-training",
          "tags": Array [
            "Music",
          ],
          "websiteLink": "https://ghrehh.github.io/eartraining/",
        }
      }
    />
    <Project
      path="vue-world-map"
      project={
        Object {
          "backgroundColor": "var(--light-blue)",
          "description": "A Vue.js library for displaying heat map style data per country on a world map.",
          "gitHubLink": "https://github.com/Ghrehh/vue-world-map",
          "name": "VUE WORLD MAP",
          "slug": "vue-world-map",
          "tags": Array [
            "Package",
          ],
        }
      }
    />
    <Project
      path="portfolio-website"
      project={
        Object {
          "backgroundColor": "var(--yellow)",
          "description": "The website you're currently viewing. Built using Create React App.",
          "gitHubLink": "https://github.com/Ghrehh/portfolio-site",
          "name": "PORTFOLIO WEBSITE",
          "slug": "portfolio-website",
          "tags": Array [
            "React",
            "Flow",
          ],
        }
      }
    />
    <Project
      path="findlocation"
      project={
        Object {
          "backgroundColor": "var(--purple)",
          "description": "A Go package for parsing locations from a string. Used on the Tweetatlas Backend",
          "gitHubLink": "https://github.com/Ghrehh/findlocation",
          "name": "FINDLOCATION",
          "slug": "findlocation",
          "tags": Array [
            "Go",
            "Package",
          ],
        }
      }
    />
    <Project
      path="notation-js"
      project={
        Object {
          "backgroundColor": "var(--green)",
          "description": "JS library for displaying sheet music.",
          "gitHubLink": "https://github.com/Ghrehh/Notation.js",
          "name": "NOTATION JS",
          "slug": "notation-js",
          "tags": Array [
            "Javascript",
            "Package",
            "Music",
          ],
          "websiteLink": "https://ghrehh.github.io/Notation.js/",
        }
      }
    />
    <Project
      path="tweetatlas-client"
      project={
        Object {
          "backgroundColor": "var(--red)",
          "description": "Client used to display data from the Tweetatlas Server, built using Vue JS.",
          "gitHubLink": "https://github.com/Ghrehh/tweetatlas-client",
          "name": "TWEETATLAS CLIENT",
          "slug": "tweetatlas-client",
          "tags": Array [
            "Vue",
            "WebSockets",
          ],
          "websiteLink": "https://tweetatlas.github.io/",
        }
      }
    />
    <Project
      path="tweetatlas-server"
      project={
        Object {
          "backgroundColor": "var(--light-blue)",
          "description": "Service used to estimate the location of users creating tweets containing a search phrase or phrases. Built using Go.",
          "gitHubLink": "https://github.com/Ghrehh/tweetatlas-server",
          "name": "TWEETATLAS SERVER",
          "slug": "tweetatlas-server",
          "tags": Array [
            "Go",
            "WebSockets",
          ],
        }
      }
    />
    <Project
      path="myp-boost"
      project={
        Object {
          "backgroundColor": "var(--yellow)",
          "description": "Website commissioned by a life coach to help gather relevant information from his clients. Design by Brian Burns.",
          "gitHubLink": "https://github.com/Ghrehh/mypboost",
          "name": "MYP BOOST",
          "slug": "myp-boost",
          "tags": Array [
            "React",
            "Redux",
            "Commission",
          ],
          "websiteLink": "https://mypboost.github.io/",
        }
      }
    />
    <Project
      path="burns-bros"
      project={
        Object {
          "backgroundColor": "var(--purple)",
          "description": "A website me and my brother put together for our freelance work; we never quite got around to finishing it,
            but a lot of work went into it regardless.
            Design by Brian Burns.",
          "gitHubLink": "https://github.com/Ghrehh/burnsbros",
          "name": "BURNS BROS & CO",
          "slug": "burns-bros",
          "tags": Array [
            "HTML Templating",
            "CSS Animation",
          ],
          "websiteLink": "https://ghrehh.github.io/burnsbros/build/",
        }
      }
    />
    <Project
      path="newington-fc"
      project={
        Object {
          "backgroundColor": "var(--green)",
          "description": "Unfinished website for Newington Football Club. Design by Brian Burns",
          "gitHubLink": "https://github.com/Ghrehh/newington",
          "name": "NEWINGTON FC",
          "slug": "newington-fc",
          "tags": Array [
            "HTML Templating",
          ],
          "websiteLink": "https://ghrehh.github.io/newington/build/",
        }
      }
    />
    <Project
      path="mactire"
      project={
        Object {
          "backgroundColor": "var(--red)",
          "description": "Commissioned website for singer-songwriter MacTire. Note that fonts on this have expired so parts look a little funky.",
          "gitHubLink": "https://github.com/Ghrehh/mactire",
          "name": "MACTIRE",
          "slug": "mactire",
          "tags": Array [
            "HTML Templating",
            "Commission",
          ],
          "websiteLink": "https://mactiremusic.github.io/",
        }
      }
    />
    <Project
      path="unmute-records"
      project={
        Object {
          "backgroundColor": "var(--light-blue)",
          "description": "Commissioned website for now defunct label Unmute Records.",
          "gitHubLink": "https://github.com/Ghrehh/unmuterecords",
          "name": "UNMUTE RECORDS",
          "slug": "unmute-records",
          "tags": Array [
            "HTML Templating",
            "Commission",
          ],
          "websiteLink": "https://unmuterecords.github.io/",
        }
      }
    />
  </Page>
</FadeIn>
`;
