// Jest Snapshot v1, https://goo.gl/fbAQLP

exports[`Projects renders the component correctly 1`] = `
<FadeIn
  timeout={0}
>
  <Page>
    <header
      className="header"
    >
      <PageHeading
        className="title"
      >
        PROJECTS
      </PageHeading>
      <p
        className="headerBody"
      >
        See below for a selection of my open-source projects. Click on a project for more information.
      </p>
    </header>
    <div
      className="buttonContainer"
    >
      <LinkButton
        link="/"
      >
        Back
      </LinkButton>
    </div>
    <Project
      path="nsts-metronome"
      project={
        Object {
          "backgroundColor": "var(--green)",
          "description": "A sleek web metronome capable of playing in non-standard time signatures. Built using Vue JS",
          "gitHubLink": "https://github.com/Ghrehh/nsts-metronome",
          "name": "NSTS METRONOME",
          "tags": Array [
            "Vue",
            "Music",
            "CSS animation",
          ],
          "websiteLink": "https://nsts-metronome.github.io/",
        }
      }
    />
    <Project
      path="ear-training"
      project={
        Object {
          "backgroundColor": "var(--red)",
          "description": "A web app for musicians to train their aural perception skills.",
          "gitHubLink": "https://github.com/Ghrehh/ear-training",
          "name": "EAR TRAINING",
          "tags": Array [
            "Music",
          ],
          "websiteLink": "https://ghrehh.github.io/eartraining/",
        }
      }
    />
    <Project
      path="vue-world-map"
      project={
        Object {
          "backgroundColor": "var(--light-blue)",
          "description": "A Vue.js library for displaying heat map style data per country on a world map.",
          "gitHubLink": "https://github.com/Ghrehh/vue-world-map",
          "name": "VUE WORLD MAP",
          "tags": Array [
            "Package",
          ],
        }
      }
    />
    <Project
      path="tweetatlas-client"
      project={
        Object {
          "backgroundColor": "var(--yellow)",
          "description": "Client used to display data from the Tweetatlas Server, built using Vue JS.",
          "gitHubLink": "https://github.com/Ghrehh/tweetatlas-client",
          "name": "TWEETATLAS CLIENT",
          "tags": Array [
            "Vue",
            "WebSockets",
          ],
          "websiteLink": "https://tweetatlas.github.io/",
        }
      }
    />
    <Project
      path="tweetatlas-server"
      project={
        Object {
          "backgroundColor": "var(--purple)",
          "description": "Service used to estimate the location of users creating tweets containing a search phrase or phrases. Built using Go.",
          "gitHubLink": "https://github.com/Ghrehh/tweetatlas-server",
          "name": "TWEETATLAS SERVER",
          "tags": Array [
            "Go",
            "WebSockets",
          ],
        }
      }
    />
    <Project
      path="portfolio-website"
      project={
        Object {
          "backgroundColor": "var(--green)",
          "description": "The website you're currently viewing. Built using Create React App.",
          "gitHubLink": "https://github.com/Ghrehh/portfolio-site",
          "name": "PORTFOLIO WEBSITE",
          "tags": Array [
            "React",
            "Flow",
          ],
        }
      }
    />
  </Page>
</FadeIn>
`;
