// Jest Snapshot v1, https://goo.gl/fbAQLP

exports[`Projects renders the component correctly 1`] = `
<Page>
  <PageHeading
    className="title"
  >
    PROJECTS
  </PageHeading>
  <div
    className="buttonContainer"
  >
    <LinkButton
      link="/"
    >
      ⇦ Return
    </LinkButton>
  </div>
  <Project
    path="cool-project"
    project={
      Object {
        "backgroundColor": "red",
        "description": "bar",
        "name": "foo",
      }
    }
  />
</Page>
`;
