// Jest Snapshot v1, https://goo.gl/fbAQLP

exports[`Contact renders the component correctly 1`] = `
<Unknown>
  <div
    className="slantedBackground"
  />
  <section
    className="contact"
  >
    <div
      className="contactInner"
    >
      <div
        className="textContainer"
      >
        <Heading
          className="heading"
        >
          CONTACT
        </Heading>
        <h2
          className="subHeading"
        >
          Feel free to get in touch.
        </h2>
      </div>
      <div>
        <Button
          className="twitterButton"
        >
          Twitter
        </Button>
        <Button
          className="emailButton"
        >
          Email
        </Button>
      </div>
    </div>
  </section>
</Unknown>
`;
