// Jest Snapshot v1, https://goo.gl/fbAQLP

exports[`Contact renders the component correctly 1`] = `
<section>
  <Heading
    className="heading"
  >
    CONTACT
  </Heading>
  <div
    className="buttonContainer"
  >
    <Button
      className="button twitterButton"
    >
      Twitter
    </Button>
    <Button
      className="button emailButton"
    >
      Email
    </Button>
  </div>
</section>
`;
