// Jest Snapshot v1, https://goo.gl/fbAQLP

exports[`About renders the component correctly 1`] = `
<Page>
  <section
    className="intro"
  >
    <PageHeading
      className="heading"
    >
      HEY, I'M GERARD BURNS
    </PageHeading>
    <h2
      className="subHeading"
    >
      A SOFTWARE ENGINEER FROM BELFAST
    </h2>
    <p
      className="body"
    >
      with experience working with both front-end and back-end technologies, primarily React, Ruby on Rails, Django and Vue.
    </p>
  </section>
  <Portfolio />
  <Resume />
</Page>
`;
